// Jest Snapshot v1, https://goo.gl/fbAQLP

exports[`chunk infinite chunks 1`] = `
Array [
  Array [
    0,
  ],
  Array [
    1,
    2,
  ],
  Array [
    3,
    4,
    5,
  ],
  Array [
    6,
    7,
    8,
    9,
  ],
  Array [
    10,
    11,
    12,
    13,
    14,
  ],
  Array [
    15,
    16,
    17,
    18,
    19,
    20,
  ],
  Array [
    21,
    22,
    23,
    24,
    25,
    26,
    27,
  ],
  Array [
    28,
    29,
    30,
    31,
    32,
    33,
    34,
    35,
  ],
  Array [
    36,
    37,
    38,
    39,
    40,
    41,
    42,
    43,
    44,
  ],
  Array [
    45,
    46,
    47,
    48,
    49,
    50,
    51,
    52,
    53,
    54,
  ],
  Array [
    55,
    56,
    57,
    58,
    59,
    60,
    61,
    62,
    63,
    64,
    65,
  ],
  Array [
    66,
    67,
    68,
    69,
    70,
    71,
    72,
    73,
    74,
    75,
    76,
    77,
  ],
  Array [
    78,
    79,
    80,
    81,
    82,
    83,
    84,
    85,
    86,
    87,
    88,
    89,
    90,
  ],
  Array [
    91,
    92,
    93,
    94,
    95,
    96,
    97,
    98,
    99,
    100,
    101,
    102,
    103,
    104,
  ],
]
`;
